// Jest Snapshot v1, https://goo.gl/fbAQLP

exports[`testing LoginFormEntity component render and typing 1`] = `
{
  "asFragment": [Function],
  "baseElement": <body>
    <div>
      <form
        class="form"
        data-testid="loginForm"
      >
        <div
          class="header"
        >
          <h1
            class="title"
          >
            loginTitle
          </h1>
          <p
            class="supportingText"
          >
            loginSupText
          </p>
        </div>
        <div
          class="content"
        >
          <textfield
            data-testid="login"
            label="login"
            name="login"
            variant="input"
          />
          <textfield
            data-testid="password"
            icon="[object Object]"
            label="password"
            name="password"
            type="password"
            variant="input"
          />
        </div>
        <button
          disabled=""
          variant="primary"
        >
          Войти
        </button>
      </form>
    </div>
  </body>,
  "container": <div>
    <form
      class="form"
      data-testid="loginForm"
    >
      <div
        class="header"
      >
        <h1
          class="title"
        >
          loginTitle
        </h1>
        <p
          class="supportingText"
        >
          loginSupText
        </p>
      </div>
      <div
        class="content"
      >
        <textfield
          data-testid="login"
          label="login"
          name="login"
          variant="input"
        />
        <textfield
          data-testid="password"
          icon="[object Object]"
          label="password"
          name="password"
          type="password"
          variant="input"
        />
      </div>
      <button
        disabled=""
        variant="primary"
      >
        Войти
      </button>
    </form>
  </div>,
  "debug": [Function],
  "findAllByAltText": [Function],
  "findAllByDisplayValue": [Function],
  "findAllByLabelText": [Function],
  "findAllByPlaceholderText": [Function],
  "findAllByRole": [Function],
  "findAllByTestId": [Function],
  "findAllByText": [Function],
  "findAllByTitle": [Function],
  "findByAltText": [Function],
  "findByDisplayValue": [Function],
  "findByLabelText": [Function],
  "findByPlaceholderText": [Function],
  "findByRole": [Function],
  "findByTestId": [Function],
  "findByText": [Function],
  "findByTitle": [Function],
  "getAllByAltText": [Function],
  "getAllByDisplayValue": [Function],
  "getAllByLabelText": [Function],
  "getAllByPlaceholderText": [Function],
  "getAllByRole": [Function],
  "getAllByTestId": [Function],
  "getAllByText": [Function],
  "getAllByTitle": [Function],
  "getByAltText": [Function],
  "getByDisplayValue": [Function],
  "getByLabelText": [Function],
  "getByPlaceholderText": [Function],
  "getByRole": [Function],
  "getByTestId": [Function],
  "getByText": [Function],
  "getByTitle": [Function],
  "queryAllByAltText": [Function],
  "queryAllByDisplayValue": [Function],
  "queryAllByLabelText": [Function],
  "queryAllByPlaceholderText": [Function],
  "queryAllByRole": [Function],
  "queryAllByTestId": [Function],
  "queryAllByText": [Function],
  "queryAllByTitle": [Function],
  "queryByAltText": [Function],
  "queryByDisplayValue": [Function],
  "queryByLabelText": [Function],
  "queryByPlaceholderText": [Function],
  "queryByRole": [Function],
  "queryByTestId": [Function],
  "queryByText": [Function],
  "queryByTitle": [Function],
  "rerender": [Function],
  "unmount": [Function],
}
`;
