// Jest Snapshot v1, https://goo.gl/fbAQLP

exports[`testing WithdrawModalEntity component render and typing 1`] = `
{
  "asFragment": [Function],
  "baseElement": <body>
    <div>
      <div
        class="wrapper none"
      >
        <modal
          data-testid="modal"
        >
          <div
            class="popup"
          >
            <modalheader
              paragraph=""
              title="modal.withdraw"
            />
            <form
              class="form"
            >
              <textfield
                data-testid="amount"
                label="labels.amount"
                name="amount"
              />
              <textfield
                data-testid="address"
                label="labels.address"
                name="address"
              />
              <modalactions
                btntextaction="btn.withdraw"
                btntextcancel="btn.cansel"
              />
            </form>
          </div>
        </modal>
      </div>
    </div>
  </body>,
  "container": <div>
    <div
      class="wrapper none"
    >
      <modal
        data-testid="modal"
      >
        <div
          class="popup"
        >
          <modalheader
            paragraph=""
            title="modal.withdraw"
          />
          <form
            class="form"
          >
            <textfield
              data-testid="amount"
              label="labels.amount"
              name="amount"
            />
            <textfield
              data-testid="address"
              label="labels.address"
              name="address"
            />
            <modalactions
              btntextaction="btn.withdraw"
              btntextcancel="btn.cansel"
            />
          </form>
        </div>
      </modal>
    </div>
  </div>,
  "debug": [Function],
  "findAllByAltText": [Function],
  "findAllByDisplayValue": [Function],
  "findAllByLabelText": [Function],
  "findAllByPlaceholderText": [Function],
  "findAllByRole": [Function],
  "findAllByTestId": [Function],
  "findAllByText": [Function],
  "findAllByTitle": [Function],
  "findByAltText": [Function],
  "findByDisplayValue": [Function],
  "findByLabelText": [Function],
  "findByPlaceholderText": [Function],
  "findByRole": [Function],
  "findByTestId": [Function],
  "findByText": [Function],
  "findByTitle": [Function],
  "getAllByAltText": [Function],
  "getAllByDisplayValue": [Function],
  "getAllByLabelText": [Function],
  "getAllByPlaceholderText": [Function],
  "getAllByRole": [Function],
  "getAllByTestId": [Function],
  "getAllByText": [Function],
  "getAllByTitle": [Function],
  "getByAltText": [Function],
  "getByDisplayValue": [Function],
  "getByLabelText": [Function],
  "getByPlaceholderText": [Function],
  "getByRole": [Function],
  "getByTestId": [Function],
  "getByText": [Function],
  "getByTitle": [Function],
  "queryAllByAltText": [Function],
  "queryAllByDisplayValue": [Function],
  "queryAllByLabelText": [Function],
  "queryAllByPlaceholderText": [Function],
  "queryAllByRole": [Function],
  "queryAllByTestId": [Function],
  "queryAllByText": [Function],
  "queryAllByTitle": [Function],
  "queryByAltText": [Function],
  "queryByDisplayValue": [Function],
  "queryByLabelText": [Function],
  "queryByPlaceholderText": [Function],
  "queryByRole": [Function],
  "queryByTestId": [Function],
  "queryByText": [Function],
  "queryByTitle": [Function],
  "rerender": [Function],
  "unmount": [Function],
}
`;
