// Jest Snapshot v1, https://goo.gl/fbAQLP

exports[`testing ProjectCardEntity component render 1`] = `
{
  "asFragment": [Function],
  "baseElement": <body>
    <div>
      <div
        class="root"
        data-testid="projectCard"
      >
        <projectcard
          minus="-324"
          name="IJDJI"
          plus="3243"
          status="active"
          textstatus="eokeot"
          textturnover="etet"
          turnover="35353"
        />
        <article
          class="modal false"
        >
          <ul>
            <li
              class="item"
            >
              modal.projectCard.key
            </li>
            <li
              class="item red"
            >
              modal.projectCard.blocked
            </li>
          </ul>
        </article>
      </div>
    </div>
  </body>,
  "container": <div>
    <div
      class="root"
      data-testid="projectCard"
    >
      <projectcard
        minus="-324"
        name="IJDJI"
        plus="3243"
        status="active"
        textstatus="eokeot"
        textturnover="etet"
        turnover="35353"
      />
      <article
        class="modal false"
      >
        <ul>
          <li
            class="item"
          >
            modal.projectCard.key
          </li>
          <li
            class="item red"
          >
            modal.projectCard.blocked
          </li>
        </ul>
      </article>
    </div>
  </div>,
  "debug": [Function],
  "findAllByAltText": [Function],
  "findAllByDisplayValue": [Function],
  "findAllByLabelText": [Function],
  "findAllByPlaceholderText": [Function],
  "findAllByRole": [Function],
  "findAllByTestId": [Function],
  "findAllByText": [Function],
  "findAllByTitle": [Function],
  "findByAltText": [Function],
  "findByDisplayValue": [Function],
  "findByLabelText": [Function],
  "findByPlaceholderText": [Function],
  "findByRole": [Function],
  "findByTestId": [Function],
  "findByText": [Function],
  "findByTitle": [Function],
  "getAllByAltText": [Function],
  "getAllByDisplayValue": [Function],
  "getAllByLabelText": [Function],
  "getAllByPlaceholderText": [Function],
  "getAllByRole": [Function],
  "getAllByTestId": [Function],
  "getAllByText": [Function],
  "getAllByTitle": [Function],
  "getByAltText": [Function],
  "getByDisplayValue": [Function],
  "getByLabelText": [Function],
  "getByPlaceholderText": [Function],
  "getByRole": [Function],
  "getByTestId": [Function],
  "getByText": [Function],
  "getByTitle": [Function],
  "queryAllByAltText": [Function],
  "queryAllByDisplayValue": [Function],
  "queryAllByLabelText": [Function],
  "queryAllByPlaceholderText": [Function],
  "queryAllByRole": [Function],
  "queryAllByTestId": [Function],
  "queryAllByText": [Function],
  "queryAllByTitle": [Function],
  "queryByAltText": [Function],
  "queryByDisplayValue": [Function],
  "queryByLabelText": [Function],
  "queryByPlaceholderText": [Function],
  "queryByRole": [Function],
  "queryByTestId": [Function],
  "queryByText": [Function],
  "queryByTitle": [Function],
  "rerender": [Function],
  "unmount": [Function],
}
`;
