// Jest Snapshot v1, https://goo.gl/fbAQLP

exports[`testing ProfileFormEntity component render and typing 1`] = `
{
  "asFragment": [Function],
  "baseElement": <body>
    <div>
      <form
        class="form"
        data-testid="profileForm"
      >
        <div
          class="header"
        >
          <h2
            class="title"
          >
            profileTitle
          </h2>
          <p
            class="supportingText"
          >
            profileSupText
          </p>
        </div>
        <div
          class="content"
        >
          <uploadavatar
            data-testid="uploadAvatar"
          />
          <textfield
            data-testid="input"
            label="labels.username"
            name="username"
            sizetype="lg"
          />
        </div>
        <div
          class="button"
        >
          <button
            disabled=""
            variant="primary"
          >
            btn.save
          </button>
        </div>
      </form>
    </div>
  </body>,
  "container": <div>
    <form
      class="form"
      data-testid="profileForm"
    >
      <div
        class="header"
      >
        <h2
          class="title"
        >
          profileTitle
        </h2>
        <p
          class="supportingText"
        >
          profileSupText
        </p>
      </div>
      <div
        class="content"
      >
        <uploadavatar
          data-testid="uploadAvatar"
        />
        <textfield
          data-testid="input"
          label="labels.username"
          name="username"
          sizetype="lg"
        />
      </div>
      <div
        class="button"
      >
        <button
          disabled=""
          variant="primary"
        >
          btn.save
        </button>
      </div>
    </form>
  </div>,
  "debug": [Function],
  "findAllByAltText": [Function],
  "findAllByDisplayValue": [Function],
  "findAllByLabelText": [Function],
  "findAllByPlaceholderText": [Function],
  "findAllByRole": [Function],
  "findAllByTestId": [Function],
  "findAllByText": [Function],
  "findAllByTitle": [Function],
  "findByAltText": [Function],
  "findByDisplayValue": [Function],
  "findByLabelText": [Function],
  "findByPlaceholderText": [Function],
  "findByRole": [Function],
  "findByTestId": [Function],
  "findByText": [Function],
  "findByTitle": [Function],
  "getAllByAltText": [Function],
  "getAllByDisplayValue": [Function],
  "getAllByLabelText": [Function],
  "getAllByPlaceholderText": [Function],
  "getAllByRole": [Function],
  "getAllByTestId": [Function],
  "getAllByText": [Function],
  "getAllByTitle": [Function],
  "getByAltText": [Function],
  "getByDisplayValue": [Function],
  "getByLabelText": [Function],
  "getByPlaceholderText": [Function],
  "getByRole": [Function],
  "getByTestId": [Function],
  "getByText": [Function],
  "getByTitle": [Function],
  "queryAllByAltText": [Function],
  "queryAllByDisplayValue": [Function],
  "queryAllByLabelText": [Function],
  "queryAllByPlaceholderText": [Function],
  "queryAllByRole": [Function],
  "queryAllByTestId": [Function],
  "queryAllByText": [Function],
  "queryAllByTitle": [Function],
  "queryByAltText": [Function],
  "queryByDisplayValue": [Function],
  "queryByLabelText": [Function],
  "queryByPlaceholderText": [Function],
  "queryByRole": [Function],
  "queryByTestId": [Function],
  "queryByText": [Function],
  "queryByTitle": [Function],
  "rerender": [Function],
  "unmount": [Function],
}
`;
