// Jest Snapshot v1, https://goo.gl/fbAQLP

exports[`testing MoreInfoInvoices render 1`] = `
{
  "asFragment": [Function],
  "baseElement": <body>
    <div>
      <div
        class="wrapper none"
      >
        <modal
          data-testid="modal"
        >
          <div
            class="container"
          >
            <modalheader
              paragraph=""
              title="modal.invoices"
            />
            <div
              class="content"
            >
              <p
                class="row"
              >
                <span
                  class="key"
                >
                  invoice.holder
                </span>
                <span
                  class="value"
                >
                  Мозолевский Даниил Сергеевич
                </span>
              </p>
              <p
                class="row"
              >
                <span
                  class="key"
                >
                  invoice.cardNumber
                </span>
                <span
                  class="value"
                >
                  9356 4666 4138 1424
                </span>
              </p>
              <p
                class="row"
              >
                <span
                  class="key"
                >
                  invoice.expired
                </span>
                <span
                  class="value"
                >
                  30.09.23 16:47
                </span>
              </p>
              <p
                class="row"
              >
                <span
                  class="key"
                >
                  invoice.currency
                </span>
                <span
                  class="value"
                >
                  Валюта
                </span>
              </p>
              <p
                class="row"
              >
                <span
                  class="key"
                >
                  invoice.amount
                </span>
                <span
                  class="value"
                >
                  1,240
                </span>
              </p>
              <p
                class="row"
              >
                <span
                  class="key"
                >
                  invoice.status
                </span>
                <span
                  class="value"
                >
                  Оплачено
                </span>
              </p>
              <p
                class="row"
              >
                <span
                  class="key"
                >
                  ID
                </span>
                <span
                  class="value"
                >
                  1011
                </span>
              </p>
              <p
                class="row"
              >
                <span
                  class="key"
                >
                  invoice.idRemote
                </span>
                <span
                  class="value"
                >
                  1011
                </span>
              </p>
              <p
                class="row"
              >
                <span
                  class="key"
                >
                  invoice.idClient
                </span>
                <span
                  class="value"
                >
                  1011
                </span>
              </p>
              <p
                class="row"
              >
                <span
                  class="key"
                >
                  invoice.team
                </span>
                <span
                  class="value"
                >
                  testovich
                </span>
              </p>
              <p
                class="row"
              >
                <span
                  class="key"
                >
                  invoice.created
                </span>
                <span
                  class="value"
                >
                  30.09.23 16:47
                </span>
              </p>
              <p
                class="row"
              >
                <span
                  class="key"
                >
                  invoice.updated
                </span>
                <span
                  class="value"
                >
                  30.09.23 17:17
                </span>
              </p>
            </div>
          </div>
        </modal>
      </div>
    </div>
  </body>,
  "container": <div>
    <div
      class="wrapper none"
    >
      <modal
        data-testid="modal"
      >
        <div
          class="container"
        >
          <modalheader
            paragraph=""
            title="modal.invoices"
          />
          <div
            class="content"
          >
            <p
              class="row"
            >
              <span
                class="key"
              >
                invoice.holder
              </span>
              <span
                class="value"
              >
                Мозолевский Даниил Сергеевич
              </span>
            </p>
            <p
              class="row"
            >
              <span
                class="key"
              >
                invoice.cardNumber
              </span>
              <span
                class="value"
              >
                9356 4666 4138 1424
              </span>
            </p>
            <p
              class="row"
            >
              <span
                class="key"
              >
                invoice.expired
              </span>
              <span
                class="value"
              >
                30.09.23 16:47
              </span>
            </p>
            <p
              class="row"
            >
              <span
                class="key"
              >
                invoice.currency
              </span>
              <span
                class="value"
              >
                Валюта
              </span>
            </p>
            <p
              class="row"
            >
              <span
                class="key"
              >
                invoice.amount
              </span>
              <span
                class="value"
              >
                1,240
              </span>
            </p>
            <p
              class="row"
            >
              <span
                class="key"
              >
                invoice.status
              </span>
              <span
                class="value"
              >
                Оплачено
              </span>
            </p>
            <p
              class="row"
            >
              <span
                class="key"
              >
                ID
              </span>
              <span
                class="value"
              >
                1011
              </span>
            </p>
            <p
              class="row"
            >
              <span
                class="key"
              >
                invoice.idRemote
              </span>
              <span
                class="value"
              >
                1011
              </span>
            </p>
            <p
              class="row"
            >
              <span
                class="key"
              >
                invoice.idClient
              </span>
              <span
                class="value"
              >
                1011
              </span>
            </p>
            <p
              class="row"
            >
              <span
                class="key"
              >
                invoice.team
              </span>
              <span
                class="value"
              >
                testovich
              </span>
            </p>
            <p
              class="row"
            >
              <span
                class="key"
              >
                invoice.created
              </span>
              <span
                class="value"
              >
                30.09.23 16:47
              </span>
            </p>
            <p
              class="row"
            >
              <span
                class="key"
              >
                invoice.updated
              </span>
              <span
                class="value"
              >
                30.09.23 17:17
              </span>
            </p>
          </div>
        </div>
      </modal>
    </div>
  </div>,
  "debug": [Function],
  "findAllByAltText": [Function],
  "findAllByDisplayValue": [Function],
  "findAllByLabelText": [Function],
  "findAllByPlaceholderText": [Function],
  "findAllByRole": [Function],
  "findAllByTestId": [Function],
  "findAllByText": [Function],
  "findAllByTitle": [Function],
  "findByAltText": [Function],
  "findByDisplayValue": [Function],
  "findByLabelText": [Function],
  "findByPlaceholderText": [Function],
  "findByRole": [Function],
  "findByTestId": [Function],
  "findByText": [Function],
  "findByTitle": [Function],
  "getAllByAltText": [Function],
  "getAllByDisplayValue": [Function],
  "getAllByLabelText": [Function],
  "getAllByPlaceholderText": [Function],
  "getAllByRole": [Function],
  "getAllByTestId": [Function],
  "getAllByText": [Function],
  "getAllByTitle": [Function],
  "getByAltText": [Function],
  "getByDisplayValue": [Function],
  "getByLabelText": [Function],
  "getByPlaceholderText": [Function],
  "getByRole": [Function],
  "getByTestId": [Function],
  "getByText": [Function],
  "getByTitle": [Function],
  "queryAllByAltText": [Function],
  "queryAllByDisplayValue": [Function],
  "queryAllByLabelText": [Function],
  "queryAllByPlaceholderText": [Function],
  "queryAllByRole": [Function],
  "queryAllByTestId": [Function],
  "queryAllByText": [Function],
  "queryAllByTitle": [Function],
  "queryByAltText": [Function],
  "queryByDisplayValue": [Function],
  "queryByLabelText": [Function],
  "queryByPlaceholderText": [Function],
  "queryByRole": [Function],
  "queryByTestId": [Function],
  "queryByText": [Function],
  "queryByTitle": [Function],
  "rerender": [Function],
  "unmount": [Function],
}
`;
